minecraft:axolotl, AXOLOTLS
minecraft:bat, AMBIENT
minecraft:bee, CREATURE
minecraft:blaze, MONSTER
minecraft:cat, CREATURE
minecraft:cave_spider, MONSTER
minecraft:chicken, CREATURE
minecraft:cod, WATER_AMBIENT
minecraft:cow, CREATURE
minecraft:creeper, MONSTER
minecraft:dolphin, WATER_CREATURE
minecraft:donkey, CREATURE
minecraft:drowned, MONSTER
minecraft:elder_guardian, MONSTER
minecraft:ender_dragon, MONSTER
minecraft:enderman, MONSTER
minecraft:endermite, MONSTER
minecraft:evoker, MONSTER
minecraft:fox, CREATURE
minecraft:ghast, MONSTER
minecraft:giant, MONSTER
minecraft:glow_squid, UNDERGROUND_WATER_CREATURE
minecraft:goat, CREATURE
minecraft:guardian, MONSTER
minecraft:hoglin, MONSTER
minecraft:horse, CREATURE
minecraft:husk, MONSTER
minecraft:illusioner, MONSTER
minecraft:llama, CREATURE
minecraft:magma_cube, MONSTER
minecraft:mule, CREATURE
minecraft:mooshroom, CREATURE
minecraft:ocelot, CREATURE
minecraft:panda, CREATURE
minecraft:parrot, CREATURE
minecraft:phantom, MONSTER
minecraft:pig, CREATURE
minecraft:piglin, MONSTER
minecraft:piglin_brute, MONSTER
minecraft:pillager, MONSTER
minecraft:polar_bear, CREATURE
minecraft:pufferfish, WATER_AMBIENT
minecraft:rabbit, CREATURE
minecraft:ravager, MONSTER
minecraft:salmon, WATER_AMBIENT
minecraft:sheep, CREATURE
minecraft:shulker, MONSTER
minecraft:silverfish, MONSTER
minecraft:skeleton, MONSTER
minecraft:skeleton_horse, CREATURE
minecraft:slime, MONSTER
minecraft:spider, MONSTER
minecraft:squid, WATER_CREATURE
minecraft:stray, MONSTER
minecraft:strider, CREATURE
minecraft:trader_llama, CREATURE
minecraft:tropical_fish, WATER_AMBIENT
minecraft:turtle, CREATURE
minecraft:vex, MONSTER
minecraft:vindicator, MONSTER
minecraft:wandering_trader, CREATURE
minecraft:witch, MONSTER
minecraft:wither, MONSTER
minecraft:wither_skeleton, MONSTER
minecraft:wolf, CREATURE
minecraft:zoglin, MONSTER
minecraft:zombie, MONSTER
minecraft:zombie_horse, CREATURE
minecraft:zombie_villager, MONSTER
minecraft:zombified_piglin, MONSTER
infernalexp:voline, MONSTER
infernalexp:shroomloin, IE_CREATURE
infernalexp:warpbeetle, IE_CREATURE
infernalexp:embody, MONSTER
infernalexp:basalt_giant, IE_CREATURE
infernalexp:blackstone_dwarf, MONSTER
infernalexp:glowsquito, IE_CREATURE
infernalexp:blindsight, MONSTER
infernalexp:glowsilk_moth, IE_CREATURE
duckling:duck, WATER_CREATURE
duckling:quackling, CREATURE
wildbackport:allay, CREATURE
wildbackport:frog, CREATURE
wildbackport:tadpole, CREATURE
wildbackport:warden, MONSTER
botania:doppleganger, MONSTER
darkerdepths:glowshroom_monster, MONSTER
graveyard:skeleton_creeper, MONSTER
graveyard:acolyte, MONSTER
graveyard:reaper, MONSTER
graveyard:ghoul, MONSTER
graveyard:nightmare, MONSTER
graveyard:revenant, MONSTER
graveyard:wraith, MONSTER
graveyard:corrupted_pillager, MONSTER
graveyard:corrupted_vindicator, MONSTER
goblintraders:goblin_trader, CREATURE
goblintraders:vein_goblin_trader, CREATURE
earthmobsmod:cluck_shroom, CREATURE
earthmobsmod:wooly_cow, CREATURE
earthmobsmod:horned_sheep, CREATURE
earthmobsmod:hyper_rabbit, CREATURE
earthmobsmod:moobloom, CREATURE
earthmobsmod:moolip, CREATURE
earthmobsmod:jumbo_rabbit, CREATURE
earthmobsmod:bone_spider, MONSTER
earthmobsmod:stray_bone_spider, MONSTER
earthmobsmod:viler_witch, MONSTER
earthmobsmod:bouldering_zombie, MONSTER
earthmobsmod:lobber_zombie, MONSTER
earthmobsmod:bouldering_drowned, MONSTER
earthmobsmod:lobber_drowned, MONSTER
earthmobsmod:tropical_slime, MONSTER
earthmobsmod:skeleton_wolf, MONSTER
aquaculture:box_turtle, CREATURE
aquaculture:arrau_turtle, CREATURE
aquaculture:starshell_turtle, CREATURE
aquaculture:atlantic_cod, WATER_AMBIENT
aquaculture:blackfish, WATER_AMBIENT
aquaculture:pacific_halibut, WATER_AMBIENT
aquaculture:atlantic_halibut, WATER_AMBIENT
aquaculture:atlantic_herring, WATER_AMBIENT
aquaculture:pink_salmon, WATER_AMBIENT
aquaculture:pollock, WATER_AMBIENT
aquaculture:rainbow_trout, WATER_AMBIENT
aquaculture:bayad, WATER_AMBIENT
aquaculture:boulti, WATER_AMBIENT
aquaculture:capitaine, WATER_AMBIENT
aquaculture:synodontis, WATER_AMBIENT
aquaculture:smallmouth_bass, WATER_AMBIENT
aquaculture:bluegill, WATER_AMBIENT
aquaculture:brown_trout, WATER_AMBIENT
aquaculture:carp, WATER_AMBIENT
aquaculture:catfish, WATER_AMBIENT
aquaculture:gar, WATER_AMBIENT
aquaculture:minnow, WATER_AMBIENT
aquaculture:muskellunge, WATER_AMBIENT
aquaculture:perch, WATER_AMBIENT
aquaculture:arapaima, WATER_AMBIENT
aquaculture:piranha, WATER_AMBIENT
aquaculture:tambaqui, WATER_AMBIENT
aquaculture:brown_shrooma, WATER_AMBIENT
aquaculture:red_shrooma, WATER_AMBIENT
aquaculture:jellyfish, WATER_AMBIENT
aquaculture:red_grouper, WATER_AMBIENT
aquaculture:tuna, WATER_AMBIENT
bygonenether:wex, MONSTER
bygonenether:warped_enderman, MONSTER
bygonenether:piglin_prisoner, MONSTER
bygonenether:piglin_hunter, MONSTER
bygonenether:wraither, MONSTER
bygonenether:wither_skeleton_knight, MONSTER
bygonenether:corpor, MONSTER
bygonenether:wither_skeleton_horse, CREATURE
cnb:little_grebe, CREATURE
cnb:lizard, CREATURE
cnb:lilytad, CREATURE
cnb:sporeling, CREATURE
cnb:minipad, CREATURE
cnb:end_whale, CREATURE
cnb:cactem, CREATURE
cnb:yeti, CREATURE
cnb:cindershell, CREATURE
undergarden:rotling, MONSTER
undergarden:rotwalker, MONSTER
undergarden:rotbeast, MONSTER
undergarden:dweller, CREATURE
undergarden:gwibling, WATER_AMBIENT
undergarden:brute, CREATURE
undergarden:scintling, AMBIENT
undergarden:gloomper, CREATURE
undergarden:stoneborn, MONSTER
undergarden:nargoyle, MONSTER
undergarden:muncher, MONSTER
undergarden:sploogie, MONSTER
undergarden:gwib, WATER_CREATURE
undergarden:mog, CREATURE
undergarden:masticator, MONSTER
undergarden:forgotten_guardian, MONSTER
sullysmod:lanternfish, WATER_AMBIENT
sullysmod:tortoise, CREATURE
ars_nouveau:starbuncle, CREATURE
ars_nouveau:whirlisprig, CREATURE
ars_nouveau:wilden_hunter, MONSTER
ars_nouveau:summon_wolf, CREATURE
ars_nouveau:wilden_stalker, MONSTER
ars_nouveau:summon_horse, CREATURE
ars_nouveau:wilden_guardian, MONSTER
ars_nouveau:drygmy, CREATURE
ars_nouveau:wilden_boss, MONSTER
ars_nouveau:familiar_starbuncle, CREATURE
ars_nouveau:familiar_bookwyrm, CREATURE
ars_nouveau:familiar_wixie, CREATURE
ars_nouveau:familiar_whirlisprig, CREATURE
ars_nouveau:familiar_drygmy, CREATURE
ars_nouveau:cascading_weald_walker, CREATURE
ars_nouveau:blazing_weald_walker, CREATURE
ars_nouveau:vexing_weald_walker, CREATURE
ars_nouveau:flourishing_weald_walker, CREATURE
ars_nouveau:amethyst_golem, CREATURE
ars_nouveau:summon_skeleton, CREATURE
crittersandcompanions:dragonfly, AMBIENT
crittersandcompanions:dumbo_octopus, CREATURE
crittersandcompanions:ferret, CREATURE
crittersandcompanions:koi_fish, WATER_AMBIENT
crittersandcompanions:leaf_insect, AMBIENT
crittersandcompanions:otter, WATER_CREATURE
crittersandcompanions:red_panda, CREATURE
crittersandcompanions:sea_bunny, WATER_AMBIENT
biomemakeover:glowfish, WATER_AMBIENT
biomemakeover:blightbat, AMBIENT
biomemakeover:mushroom_trader, AMBIENT
biomemakeover:scuttler, CREATURE
biomemakeover:ghost, MONSTER
biomemakeover:cowboy, MONSTER
biomemakeover:decayed, MONSTER
biomemakeover:dragonfly, AMBIENT
biomemakeover:toad, CREATURE
biomemakeover:tadpole, WATER_CREATURE
biomemakeover:lightning_bug, AMBIENT
biomemakeover:lightning_bug_alternate, AMBIENT
biomemakeover:owl, CREATURE
biomemakeover:moth, MONSTER
biomemakeover:rootling, CREATURE
biomemakeover:adjudicator, MONSTER
biomemakeover:adjudicator_mimic, MONSTER
savage_and_ravage:skeleton_villager, MONSTER
savage_and_ravage:creepie, CREATURE
savage_and_ravage:griefer, MONSTER
savage_and_ravage:trickster, MONSTER
savage_and_ravage:iceologer, MONSTER
savage_and_ravage:executioner, MONSTER
buzzier_bees:grizzly_bear, CREATURE
buzzier_bees:moobloom, CREATURE
supplementaries:red_merchant, CREATURE
tconstruct:earth_slime, MONSTER
tconstruct:sky_slime, MONSTER
tconstruct:ender_slime, MONSTER
tconstruct:terracube, MONSTER
quark:wraith, MONSTER
quark:forgotten, MONSTER
quark:shiba, CREATURE
quark:frog, CREATURE
quark:foxhound, CREATURE
quark:toretoise, CREATURE
quark:crab, CREATURE
quark:stoneling, CREATURE
hunterillager:hunterillager, MONSTER
creeperoverhaul:jungle_creeper, MONSTER
creeperoverhaul:bamboo_creeper, MONSTER
creeperoverhaul:desert_creeper, MONSTER
creeperoverhaul:badlands_creeper, MONSTER
creeperoverhaul:hills_creeper, MONSTER
creeperoverhaul:savannah_creeper, MONSTER
creeperoverhaul:mushroom_creeper, CREATURE
creeperoverhaul:swamp_creeper, MONSTER
creeperoverhaul:dripstone_creeper, MONSTER
creeperoverhaul:cave_creeper, MONSTER
creeperoverhaul:dark_oak_creeper, MONSTER
creeperoverhaul:spruce_creeper, MONSTER
creeperoverhaul:beach_creeper, MONSTER
creeperoverhaul:snowy_creeper, MONSTER
alexsmobs:grizzly_bear, CREATURE
alexsmobs:roadrunner, CREATURE
alexsmobs:bone_serpent, MONSTER
alexsmobs:bone_serpent_part, MONSTER
alexsmobs:gazelle, CREATURE
alexsmobs:crocodile, WATER_CREATURE
alexsmobs:fly, AMBIENT
alexsmobs:hummingbird, CREATURE
alexsmobs:orca, WATER_CREATURE
alexsmobs:sunbird, CREATURE
alexsmobs:gorilla, CREATURE
alexsmobs:crimson_mosquito, MONSTER
alexsmobs:rattlesnake, CREATURE
alexsmobs:endergrade, CREATURE
alexsmobs:hammerhead_shark, WATER_CREATURE
alexsmobs:lobster, WATER_AMBIENT
alexsmobs:komodo_dragon, CREATURE
alexsmobs:capuchin_monkey, CREATURE
alexsmobs:centipede_head, CREATURE
alexsmobs:centipede_body, CREATURE
alexsmobs:centipede_tail, CREATURE
alexsmobs:warped_toad, CREATURE
alexsmobs:moose, CREATURE
alexsmobs:mimicube, MONSTER
alexsmobs:raccoon, CREATURE
alexsmobs:blobfish, WATER_AMBIENT
alexsmobs:seal, CREATURE
alexsmobs:cockroach, AMBIENT
alexsmobs:shoebill, CREATURE
alexsmobs:elephant, CREATURE
alexsmobs:soul_vulture, MONSTER
alexsmobs:snow_leopard, CREATURE
alexsmobs:spectre, CREATURE
alexsmobs:crow, CREATURE
alexsmobs:alligator_snapping_turtle, CREATURE
alexsmobs:mungus, CREATURE
alexsmobs:mantis_shrimp, WATER_CREATURE
alexsmobs:guster, MONSTER
alexsmobs:warped_mosco, MONSTER
alexsmobs:straddler, MONSTER
alexsmobs:stradpole, WATER_AMBIENT
alexsmobs:emu, CREATURE
alexsmobs:platypus, CREATURE
alexsmobs:dropbear, MONSTER
alexsmobs:tasmanian_devil, CREATURE
alexsmobs:kangaroo, CREATURE
alexsmobs:cachalot_whale, WATER_CREATURE
alexsmobs:leafcutter_ant, CREATURE
alexsmobs:enderiophage, CREATURE
alexsmobs:bald_eagle, CREATURE
alexsmobs:tiger, CREATURE
alexsmobs:tarantula_hawk, CREATURE
alexsmobs:void_worm, MONSTER
alexsmobs:void_worm_part, MONSTER
alexsmobs:frilled_shark, WATER_CREATURE
alexsmobs:mimic_octopus, WATER_CREATURE
alexsmobs:seagull, CREATURE
alexsmobs:froststalker, CREATURE
alexsmobs:tusklin, CREATURE
alexsmobs:laviathan, CREATURE
alexsmobs:cosmaw, CREATURE
alexsmobs:toucan, CREATURE
alexsmobs:maned_wolf, CREATURE
alexsmobs:anaconda, CREATURE
alexsmobs:anaconda_part, CREATURE
alexsmobs:anteater, CREATURE
alexsmobs:rocky_roller, MONSTER
alexsmobs:flutter, AMBIENT
alexsmobs:gelada_monkey, CREATURE
alexsmobs:jerboa, AMBIENT
alexsmobs:terrapin, WATER_AMBIENT
alexsmobs:comb_jelly, WATER_AMBIENT
alexsmobs:cosmic_cod, AMBIENT
alexsmobs:bunfungus, CREATURE
alexsmobs:bison, CREATURE
alexsmobs:giant_squid, WATER_CREATURE
alexsmobs:sea_bear, WATER_CREATURE
alexsmobs:devils_hole_pupfish, WATER_AMBIENT
alexsmobs:catfish, WATER_AMBIENT
alexsmobs:flying_fish, WATER_AMBIENT
alexsmobs:skelewag, MONSTER
valhelsia_structures:mossy_skeleton, MONSTER
minecraft:axolotl, AXOLOTLS
minecraft:bat, AMBIENT
minecraft:bee, CREATURE
minecraft:blaze, MONSTER
minecraft:cat, CREATURE
minecraft:cave_spider, MONSTER
minecraft:chicken, CREATURE
minecraft:cod, WATER_AMBIENT
minecraft:cow, CREATURE
minecraft:creeper, MONSTER
minecraft:dolphin, WATER_CREATURE
minecraft:donkey, CREATURE
minecraft:drowned, MONSTER
minecraft:elder_guardian, MONSTER
minecraft:ender_dragon, MONSTER
minecraft:enderman, MONSTER
minecraft:endermite, MONSTER
minecraft:evoker, MONSTER
minecraft:fox, CREATURE
minecraft:ghast, MONSTER
minecraft:giant, MONSTER
minecraft:glow_squid, UNDERGROUND_WATER_CREATURE
minecraft:goat, CREATURE
minecraft:guardian, MONSTER
minecraft:hoglin, MONSTER
minecraft:horse, CREATURE
minecraft:husk, MONSTER
minecraft:illusioner, MONSTER
minecraft:llama, CREATURE
minecraft:magma_cube, MONSTER
minecraft:mule, CREATURE
minecraft:mooshroom, CREATURE
minecraft:ocelot, CREATURE
minecraft:panda, CREATURE
minecraft:parrot, CREATURE
minecraft:phantom, MONSTER
minecraft:pig, CREATURE
minecraft:piglin, MONSTER
minecraft:piglin_brute, MONSTER
minecraft:pillager, MONSTER
minecraft:polar_bear, CREATURE
minecraft:pufferfish, WATER_AMBIENT
minecraft:rabbit, CREATURE
minecraft:ravager, MONSTER
minecraft:salmon, WATER_AMBIENT
minecraft:sheep, CREATURE
minecraft:shulker, MONSTER
minecraft:silverfish, MONSTER
minecraft:skeleton, MONSTER
minecraft:skeleton_horse, CREATURE
minecraft:slime, MONSTER
minecraft:spider, MONSTER
minecraft:squid, WATER_CREATURE
minecraft:stray, MONSTER
minecraft:strider, CREATURE
minecraft:trader_llama, CREATURE
minecraft:tropical_fish, WATER_AMBIENT
minecraft:turtle, CREATURE
minecraft:vex, MONSTER
minecraft:vindicator, MONSTER
minecraft:wandering_trader, CREATURE
minecraft:witch, MONSTER
minecraft:wither, MONSTER
minecraft:wither_skeleton, MONSTER
minecraft:wolf, CREATURE
minecraft:zoglin, MONSTER
minecraft:zombie, MONSTER
minecraft:zombie_horse, CREATURE
minecraft:zombie_villager, MONSTER
minecraft:zombified_piglin, MONSTER
infernalexp:voline, MONSTER
infernalexp:shroomloin, IE_CREATURE
infernalexp:warpbeetle, IE_CREATURE
infernalexp:embody, MONSTER
infernalexp:basalt_giant, IE_CREATURE
infernalexp:blackstone_dwarf, MONSTER
infernalexp:glowsquito, IE_CREATURE
infernalexp:blindsight, MONSTER
infernalexp:glowsilk_moth, IE_CREATURE
duckling:duck, WATER_CREATURE
duckling:quackling, CREATURE
wildbackport:allay, CREATURE
wildbackport:frog, CREATURE
wildbackport:tadpole, CREATURE
wildbackport:warden, MONSTER
botania:doppleganger, MONSTER
darkerdepths:glowshroom_monster, MONSTER
graveyard:skeleton_creeper, MONSTER
graveyard:acolyte, MONSTER
graveyard:reaper, MONSTER
graveyard:ghoul, MONSTER
graveyard:nightmare, MONSTER
graveyard:revenant, MONSTER
graveyard:wraith, MONSTER
graveyard:corrupted_pillager, MONSTER
graveyard:corrupted_vindicator, MONSTER
goblintraders:goblin_trader, CREATURE
goblintraders:vein_goblin_trader, CREATURE
earthmobsmod:cluck_shroom, CREATURE
earthmobsmod:wooly_cow, CREATURE
earthmobsmod:horned_sheep, CREATURE
earthmobsmod:hyper_rabbit, CREATURE
earthmobsmod:moobloom, CREATURE
earthmobsmod:moolip, CREATURE
earthmobsmod:jumbo_rabbit, CREATURE
earthmobsmod:bone_spider, MONSTER
earthmobsmod:stray_bone_spider, MONSTER
earthmobsmod:viler_witch, MONSTER
earthmobsmod:bouldering_zombie, MONSTER
earthmobsmod:lobber_zombie, MONSTER
earthmobsmod:bouldering_drowned, MONSTER
earthmobsmod:lobber_drowned, MONSTER
earthmobsmod:tropical_slime, MONSTER
earthmobsmod:skeleton_wolf, MONSTER
aquaculture:box_turtle, CREATURE
aquaculture:arrau_turtle, CREATURE
aquaculture:starshell_turtle, CREATURE
aquaculture:atlantic_cod, WATER_AMBIENT
aquaculture:blackfish, WATER_AMBIENT
aquaculture:pacific_halibut, WATER_AMBIENT
aquaculture:atlantic_halibut, WATER_AMBIENT
aquaculture:atlantic_herring, WATER_AMBIENT
aquaculture:pink_salmon, WATER_AMBIENT
aquaculture:pollock, WATER_AMBIENT
aquaculture:rainbow_trout, WATER_AMBIENT
aquaculture:bayad, WATER_AMBIENT
aquaculture:boulti, WATER_AMBIENT
aquaculture:capitaine, WATER_AMBIENT
aquaculture:synodontis, WATER_AMBIENT
aquaculture:smallmouth_bass, WATER_AMBIENT
aquaculture:bluegill, WATER_AMBIENT
aquaculture:brown_trout, WATER_AMBIENT
aquaculture:carp, WATER_AMBIENT
aquaculture:catfish, WATER_AMBIENT
aquaculture:gar, WATER_AMBIENT
aquaculture:minnow, WATER_AMBIENT
aquaculture:muskellunge, WATER_AMBIENT
aquaculture:perch, WATER_AMBIENT
aquaculture:arapaima, WATER_AMBIENT
aquaculture:piranha, WATER_AMBIENT
aquaculture:tambaqui, WATER_AMBIENT
aquaculture:brown_shrooma, WATER_AMBIENT
aquaculture:red_shrooma, WATER_AMBIENT
aquaculture:jellyfish, WATER_AMBIENT
aquaculture:red_grouper, WATER_AMBIENT
aquaculture:tuna, WATER_AMBIENT
bygonenether:wex, MONSTER
bygonenether:warped_enderman, MONSTER
bygonenether:piglin_prisoner, MONSTER
bygonenether:piglin_hunter, MONSTER
bygonenether:wraither, MONSTER
bygonenether:wither_skeleton_knight, MONSTER
bygonenether:corpor, MONSTER
bygonenether:wither_skeleton_horse, CREATURE
cnb:little_grebe, CREATURE
cnb:lizard, CREATURE
cnb:lilytad, CREATURE
cnb:sporeling, CREATURE
cnb:minipad, CREATURE
cnb:end_whale, CREATURE
cnb:cactem, CREATURE
cnb:yeti, CREATURE
cnb:cindershell, CREATURE
undergarden:rotling, MONSTER
undergarden:rotwalker, MONSTER
undergarden:rotbeast, MONSTER
undergarden:dweller, CREATURE
undergarden:gwibling, WATER_AMBIENT
undergarden:brute, CREATURE
undergarden:scintling, AMBIENT
undergarden:gloomper, CREATURE
undergarden:stoneborn, MONSTER
undergarden:nargoyle, MONSTER
undergarden:muncher, MONSTER
undergarden:sploogie, MONSTER
undergarden:gwib, WATER_CREATURE
undergarden:mog, CREATURE
undergarden:masticator, MONSTER
undergarden:forgotten_guardian, MONSTER
sullysmod:lanternfish, WATER_AMBIENT
sullysmod:tortoise, CREATURE
ars_nouveau:starbuncle, CREATURE
ars_nouveau:whirlisprig, CREATURE
ars_nouveau:wilden_hunter, MONSTER
ars_nouveau:summon_wolf, CREATURE
ars_nouveau:wilden_stalker, MONSTER
ars_nouveau:summon_horse, CREATURE
ars_nouveau:wilden_guardian, MONSTER
ars_nouveau:drygmy, CREATURE
ars_nouveau:wilden_boss, MONSTER
ars_nouveau:familiar_starbuncle, CREATURE
ars_nouveau:familiar_bookwyrm, CREATURE
ars_nouveau:familiar_wixie, CREATURE
ars_nouveau:familiar_whirlisprig, CREATURE
ars_nouveau:familiar_drygmy, CREATURE
ars_nouveau:cascading_weald_walker, CREATURE
ars_nouveau:blazing_weald_walker, CREATURE
ars_nouveau:vexing_weald_walker, CREATURE
ars_nouveau:flourishing_weald_walker, CREATURE
ars_nouveau:amethyst_golem, CREATURE
ars_nouveau:summon_skeleton, CREATURE
crittersandcompanions:dragonfly, AMBIENT
crittersandcompanions:dumbo_octopus, CREATURE
crittersandcompanions:ferret, CREATURE
crittersandcompanions:koi_fish, WATER_AMBIENT
crittersandcompanions:leaf_insect, AMBIENT
crittersandcompanions:otter, WATER_CREATURE
crittersandcompanions:red_panda, CREATURE
crittersandcompanions:sea_bunny, WATER_AMBIENT
biomemakeover:glowfish, WATER_AMBIENT
biomemakeover:blightbat, AMBIENT
biomemakeover:mushroom_trader, AMBIENT
biomemakeover:scuttler, CREATURE
biomemakeover:ghost, MONSTER
biomemakeover:cowboy, MONSTER
biomemakeover:decayed, MONSTER
biomemakeover:dragonfly, AMBIENT
biomemakeover:toad, CREATURE
biomemakeover:tadpole, WATER_CREATURE
biomemakeover:lightning_bug, AMBIENT
biomemakeover:lightning_bug_alternate, AMBIENT
biomemakeover:owl, CREATURE
biomemakeover:moth, MONSTER
biomemakeover:rootling, CREATURE
biomemakeover:adjudicator, MONSTER
biomemakeover:adjudicator_mimic, MONSTER
savage_and_ravage:skeleton_villager, MONSTER
savage_and_ravage:creepie, CREATURE
savage_and_ravage:griefer, MONSTER
savage_and_ravage:trickster, MONSTER
savage_and_ravage:iceologer, MONSTER
savage_and_ravage:executioner, MONSTER
buzzier_bees:grizzly_bear, CREATURE
buzzier_bees:moobloom, CREATURE
supplementaries:red_merchant, CREATURE
tconstruct:earth_slime, MONSTER
tconstruct:sky_slime, MONSTER
tconstruct:ender_slime, MONSTER
tconstruct:terracube, MONSTER
quark:foxhound, CREATURE
quark:frog, CREATURE
quark:wraith, MONSTER
quark:forgotten, MONSTER
quark:stoneling, CREATURE
quark:toretoise, CREATURE
quark:shiba, CREATURE
quark:crab, CREATURE
hunterillager:hunterillager, MONSTER
creeperoverhaul:jungle_creeper, MONSTER
creeperoverhaul:bamboo_creeper, MONSTER
creeperoverhaul:desert_creeper, MONSTER
creeperoverhaul:badlands_creeper, MONSTER
creeperoverhaul:hills_creeper, MONSTER
creeperoverhaul:savannah_creeper, MONSTER
creeperoverhaul:mushroom_creeper, CREATURE
creeperoverhaul:swamp_creeper, MONSTER
creeperoverhaul:dripstone_creeper, MONSTER
creeperoverhaul:cave_creeper, MONSTER
creeperoverhaul:dark_oak_creeper, MONSTER
creeperoverhaul:spruce_creeper, MONSTER
creeperoverhaul:beach_creeper, MONSTER
creeperoverhaul:snowy_creeper, MONSTER
alexsmobs:grizzly_bear, CREATURE
alexsmobs:roadrunner, CREATURE
alexsmobs:bone_serpent, MONSTER
alexsmobs:bone_serpent_part, MONSTER
alexsmobs:gazelle, CREATURE
alexsmobs:crocodile, WATER_CREATURE
alexsmobs:fly, AMBIENT
alexsmobs:hummingbird, CREATURE
alexsmobs:orca, WATER_CREATURE
alexsmobs:sunbird, CREATURE
alexsmobs:gorilla, CREATURE
alexsmobs:crimson_mosquito, MONSTER
alexsmobs:rattlesnake, CREATURE
alexsmobs:endergrade, CREATURE
alexsmobs:hammerhead_shark, WATER_CREATURE
alexsmobs:lobster, WATER_AMBIENT
alexsmobs:komodo_dragon, CREATURE
alexsmobs:capuchin_monkey, CREATURE
alexsmobs:centipede_head, CREATURE
alexsmobs:centipede_body, CREATURE
alexsmobs:centipede_tail, CREATURE
alexsmobs:warped_toad, CREATURE
alexsmobs:moose, CREATURE
alexsmobs:mimicube, MONSTER
alexsmobs:raccoon, CREATURE
alexsmobs:blobfish, WATER_AMBIENT
alexsmobs:seal, CREATURE
alexsmobs:cockroach, AMBIENT
alexsmobs:shoebill, CREATURE
alexsmobs:elephant, CREATURE
alexsmobs:soul_vulture, MONSTER
alexsmobs:snow_leopard, CREATURE
alexsmobs:spectre, CREATURE
alexsmobs:crow, CREATURE
alexsmobs:alligator_snapping_turtle, CREATURE
alexsmobs:mungus, CREATURE
alexsmobs:mantis_shrimp, WATER_CREATURE
alexsmobs:guster, MONSTER
alexsmobs:warped_mosco, MONSTER
alexsmobs:straddler, MONSTER
alexsmobs:stradpole, WATER_AMBIENT
alexsmobs:emu, CREATURE
alexsmobs:platypus, CREATURE
alexsmobs:dropbear, MONSTER
alexsmobs:tasmanian_devil, CREATURE
alexsmobs:kangaroo, CREATURE
alexsmobs:cachalot_whale, WATER_CREATURE
alexsmobs:leafcutter_ant, CREATURE
alexsmobs:enderiophage, CREATURE
alexsmobs:bald_eagle, CREATURE
alexsmobs:tiger, CREATURE
alexsmobs:tarantula_hawk, CREATURE
alexsmobs:void_worm, MONSTER
alexsmobs:void_worm_part, MONSTER
alexsmobs:frilled_shark, WATER_CREATURE
alexsmobs:mimic_octopus, WATER_CREATURE
alexsmobs:seagull, CREATURE
alexsmobs:froststalker, CREATURE
alexsmobs:tusklin, CREATURE
alexsmobs:laviathan, CREATURE
alexsmobs:cosmaw, CREATURE
alexsmobs:toucan, CREATURE
alexsmobs:maned_wolf, CREATURE
alexsmobs:anaconda, CREATURE
alexsmobs:anaconda_part, CREATURE
alexsmobs:anteater, CREATURE
alexsmobs:rocky_roller, MONSTER
alexsmobs:flutter, AMBIENT
alexsmobs:gelada_monkey, CREATURE
alexsmobs:jerboa, AMBIENT
alexsmobs:terrapin, WATER_AMBIENT
alexsmobs:comb_jelly, WATER_AMBIENT
alexsmobs:cosmic_cod, AMBIENT
alexsmobs:bunfungus, CREATURE
alexsmobs:bison, CREATURE
alexsmobs:giant_squid, WATER_CREATURE
alexsmobs:sea_bear, WATER_CREATURE
alexsmobs:devils_hole_pupfish, WATER_AMBIENT
alexsmobs:catfish, WATER_AMBIENT
alexsmobs:flying_fish, WATER_AMBIENT
alexsmobs:skelewag, MONSTER
valhelsia_structures:mossy_skeleton, MONSTER
minecraft:axolotl, AXOLOTLS
minecraft:bat, AMBIENT
minecraft:bee, CREATURE
minecraft:blaze, MONSTER
minecraft:cat, CREATURE
minecraft:cave_spider, MONSTER
minecraft:chicken, CREATURE
minecraft:cod, WATER_AMBIENT
minecraft:cow, CREATURE
minecraft:creeper, MONSTER
minecraft:dolphin, WATER_CREATURE
minecraft:donkey, CREATURE
minecraft:drowned, MONSTER
minecraft:elder_guardian, MONSTER
minecraft:ender_dragon, MONSTER
minecraft:enderman, MONSTER
minecraft:endermite, MONSTER
minecraft:evoker, MONSTER
minecraft:fox, CREATURE
minecraft:ghast, MONSTER
minecraft:giant, MONSTER
minecraft:glow_squid, UNDERGROUND_WATER_CREATURE
minecraft:goat, CREATURE
minecraft:guardian, MONSTER
minecraft:hoglin, MONSTER
minecraft:horse, CREATURE
minecraft:husk, MONSTER
minecraft:illusioner, MONSTER
minecraft:llama, CREATURE
minecraft:magma_cube, MONSTER
minecraft:mule, CREATURE
minecraft:mooshroom, CREATURE
minecraft:ocelot, CREATURE
minecraft:panda, CREATURE
minecraft:parrot, CREATURE
minecraft:phantom, MONSTER
minecraft:pig, CREATURE
minecraft:piglin, MONSTER
minecraft:piglin_brute, MONSTER
minecraft:pillager, MONSTER
minecraft:polar_bear, CREATURE
minecraft:pufferfish, WATER_AMBIENT
minecraft:rabbit, CREATURE
minecraft:ravager, MONSTER
minecraft:salmon, WATER_AMBIENT
minecraft:sheep, CREATURE
minecraft:shulker, MONSTER
minecraft:silverfish, MONSTER
minecraft:skeleton, MONSTER
minecraft:skeleton_horse, CREATURE
minecraft:slime, MONSTER
minecraft:spider, MONSTER
minecraft:squid, WATER_CREATURE
minecraft:stray, MONSTER
minecraft:strider, CREATURE
minecraft:trader_llama, CREATURE
minecraft:tropical_fish, WATER_AMBIENT
minecraft:turtle, CREATURE
minecraft:vex, MONSTER
minecraft:vindicator, MONSTER
minecraft:wandering_trader, CREATURE
minecraft:witch, MONSTER
minecraft:wither, MONSTER
minecraft:wither_skeleton, MONSTER
minecraft:wolf, CREATURE
minecraft:zoglin, MONSTER
minecraft:zombie, MONSTER
minecraft:zombie_horse, CREATURE
minecraft:zombie_villager, MONSTER
minecraft:zombified_piglin, MONSTER
infernalexp:voline, MONSTER
infernalexp:shroomloin, IE_CREATURE
infernalexp:warpbeetle, IE_CREATURE
infernalexp:embody, MONSTER
infernalexp:basalt_giant, IE_CREATURE
infernalexp:blackstone_dwarf, MONSTER
infernalexp:glowsquito, IE_CREATURE
infernalexp:blindsight, MONSTER
infernalexp:glowsilk_moth, IE_CREATURE
duckling:duck, WATER_CREATURE
duckling:quackling, CREATURE
wildbackport:allay, CREATURE
wildbackport:frog, CREATURE
wildbackport:tadpole, CREATURE
wildbackport:warden, MONSTER
botania:doppleganger, MONSTER
darkerdepths:glowshroom_monster, MONSTER
graveyard:skeleton_creeper, MONSTER
graveyard:acolyte, MONSTER
graveyard:reaper, MONSTER
graveyard:ghoul, MONSTER
graveyard:nightmare, MONSTER
graveyard:revenant, MONSTER
graveyard:wraith, MONSTER
graveyard:corrupted_pillager, MONSTER
graveyard:corrupted_vindicator, MONSTER
goblintraders:goblin_trader, CREATURE
goblintraders:vein_goblin_trader, CREATURE
earthmobsmod:cluck_shroom, CREATURE
earthmobsmod:wooly_cow, CREATURE
earthmobsmod:horned_sheep, CREATURE
earthmobsmod:hyper_rabbit, CREATURE
earthmobsmod:moobloom, CREATURE
earthmobsmod:moolip, CREATURE
earthmobsmod:jumbo_rabbit, CREATURE
earthmobsmod:bone_spider, MONSTER
earthmobsmod:stray_bone_spider, MONSTER
earthmobsmod:viler_witch, MONSTER
earthmobsmod:bouldering_zombie, MONSTER
earthmobsmod:lobber_zombie, MONSTER
earthmobsmod:bouldering_drowned, MONSTER
earthmobsmod:lobber_drowned, MONSTER
earthmobsmod:tropical_slime, MONSTER
earthmobsmod:skeleton_wolf, MONSTER
aquaculture:box_turtle, CREATURE
aquaculture:arrau_turtle, CREATURE
aquaculture:starshell_turtle, CREATURE
aquaculture:atlantic_cod, WATER_AMBIENT
aquaculture:blackfish, WATER_AMBIENT
aquaculture:pacific_halibut, WATER_AMBIENT
aquaculture:atlantic_halibut, WATER_AMBIENT
aquaculture:atlantic_herring, WATER_AMBIENT
aquaculture:pink_salmon, WATER_AMBIENT
aquaculture:pollock, WATER_AMBIENT
aquaculture:rainbow_trout, WATER_AMBIENT
aquaculture:bayad, WATER_AMBIENT
aquaculture:boulti, WATER_AMBIENT
aquaculture:capitaine, WATER_AMBIENT
aquaculture:synodontis, WATER_AMBIENT
aquaculture:smallmouth_bass, WATER_AMBIENT
aquaculture:bluegill, WATER_AMBIENT
aquaculture:brown_trout, WATER_AMBIENT
aquaculture:carp, WATER_AMBIENT
aquaculture:catfish, WATER_AMBIENT
aquaculture:gar, WATER_AMBIENT
aquaculture:minnow, WATER_AMBIENT
aquaculture:muskellunge, WATER_AMBIENT
aquaculture:perch, WATER_AMBIENT
aquaculture:arapaima, WATER_AMBIENT
aquaculture:piranha, WATER_AMBIENT
aquaculture:tambaqui, WATER_AMBIENT
aquaculture:brown_shrooma, WATER_AMBIENT
aquaculture:red_shrooma, WATER_AMBIENT
aquaculture:jellyfish, WATER_AMBIENT
aquaculture:red_grouper, WATER_AMBIENT
aquaculture:tuna, WATER_AMBIENT
bygonenether:wex, MONSTER
bygonenether:warped_enderman, MONSTER
bygonenether:piglin_prisoner, MONSTER
bygonenether:piglin_hunter, MONSTER
bygonenether:wraither, MONSTER
bygonenether:wither_skeleton_knight, MONSTER
bygonenether:corpor, MONSTER
bygonenether:wither_skeleton_horse, CREATURE
cnb:little_grebe, CREATURE
cnb:lizard, CREATURE
cnb:lilytad, CREATURE
cnb:sporeling, CREATURE
cnb:minipad, CREATURE
cnb:end_whale, CREATURE
cnb:cactem, CREATURE
cnb:yeti, CREATURE
cnb:cindershell, CREATURE
undergarden:rotling, MONSTER
undergarden:rotwalker, MONSTER
undergarden:rotbeast, MONSTER
undergarden:dweller, CREATURE
undergarden:gwibling, WATER_AMBIENT
undergarden:brute, CREATURE
undergarden:scintling, AMBIENT
undergarden:gloomper, CREATURE
undergarden:stoneborn, MONSTER
undergarden:nargoyle, MONSTER
undergarden:muncher, MONSTER
undergarden:sploogie, MONSTER
undergarden:gwib, WATER_CREATURE
undergarden:mog, CREATURE
undergarden:masticator, MONSTER
undergarden:forgotten_guardian, MONSTER
sullysmod:lanternfish, WATER_AMBIENT
sullysmod:tortoise, CREATURE
ars_nouveau:starbuncle, CREATURE
ars_nouveau:whirlisprig, CREATURE
ars_nouveau:wilden_hunter, MONSTER
ars_nouveau:summon_wolf, CREATURE
ars_nouveau:wilden_stalker, MONSTER
ars_nouveau:summon_horse, CREATURE
ars_nouveau:wilden_guardian, MONSTER
ars_nouveau:drygmy, CREATURE
ars_nouveau:wilden_boss, MONSTER
ars_nouveau:familiar_starbuncle, CREATURE
ars_nouveau:familiar_bookwyrm, CREATURE
ars_nouveau:familiar_wixie, CREATURE
ars_nouveau:familiar_whirlisprig, CREATURE
ars_nouveau:familiar_drygmy, CREATURE
ars_nouveau:cascading_weald_walker, CREATURE
ars_nouveau:blazing_weald_walker, CREATURE
ars_nouveau:vexing_weald_walker, CREATURE
ars_nouveau:flourishing_weald_walker, CREATURE
ars_nouveau:amethyst_golem, CREATURE
ars_nouveau:summon_skeleton, CREATURE
crittersandcompanions:dragonfly, AMBIENT
crittersandcompanions:dumbo_octopus, CREATURE
crittersandcompanions:ferret, CREATURE
crittersandcompanions:koi_fish, WATER_AMBIENT
crittersandcompanions:leaf_insect, AMBIENT
crittersandcompanions:otter, WATER_CREATURE
crittersandcompanions:red_panda, CREATURE
crittersandcompanions:sea_bunny, WATER_AMBIENT
biomemakeover:glowfish, WATER_AMBIENT
biomemakeover:blightbat, AMBIENT
biomemakeover:mushroom_trader, AMBIENT
biomemakeover:scuttler, CREATURE
biomemakeover:ghost, MONSTER
biomemakeover:cowboy, MONSTER
biomemakeover:decayed, MONSTER
biomemakeover:dragonfly, AMBIENT
biomemakeover:toad, CREATURE
biomemakeover:tadpole, WATER_CREATURE
biomemakeover:lightning_bug, AMBIENT
biomemakeover:lightning_bug_alternate, AMBIENT
biomemakeover:owl, CREATURE
biomemakeover:moth, MONSTER
biomemakeover:rootling, CREATURE
biomemakeover:adjudicator, MONSTER
biomemakeover:adjudicator_mimic, MONSTER
savage_and_ravage:skeleton_villager, MONSTER
savage_and_ravage:creepie, CREATURE
savage_and_ravage:griefer, MONSTER
savage_and_ravage:trickster, MONSTER
savage_and_ravage:iceologer, MONSTER
savage_and_ravage:executioner, MONSTER
buzzier_bees:grizzly_bear, CREATURE
buzzier_bees:moobloom, CREATURE
supplementaries:red_merchant, CREATURE
tconstruct:earth_slime, MONSTER
tconstruct:sky_slime, MONSTER
tconstruct:ender_slime, MONSTER
tconstruct:terracube, MONSTER
quark:foxhound, CREATURE
quark:wraith, MONSTER
quark:frog, CREATURE
quark:shiba, CREATURE
quark:crab, CREATURE
quark:stoneling, CREATURE
quark:toretoise, CREATURE
quark:forgotten, MONSTER
hunterillager:hunterillager, MONSTER
creeperoverhaul:jungle_creeper, MONSTER
creeperoverhaul:bamboo_creeper, MONSTER
creeperoverhaul:desert_creeper, MONSTER
creeperoverhaul:badlands_creeper, MONSTER
creeperoverhaul:hills_creeper, MONSTER
creeperoverhaul:savannah_creeper, MONSTER
creeperoverhaul:mushroom_creeper, CREATURE
creeperoverhaul:swamp_creeper, MONSTER
creeperoverhaul:dripstone_creeper, MONSTER
creeperoverhaul:cave_creeper, MONSTER
creeperoverhaul:dark_oak_creeper, MONSTER
creeperoverhaul:spruce_creeper, MONSTER
creeperoverhaul:beach_creeper, MONSTER
creeperoverhaul:snowy_creeper, MONSTER
alexsmobs:grizzly_bear, CREATURE
alexsmobs:roadrunner, CREATURE
alexsmobs:bone_serpent, MONSTER
alexsmobs:bone_serpent_part, MONSTER
alexsmobs:gazelle, CREATURE
alexsmobs:crocodile, WATER_CREATURE
alexsmobs:fly, AMBIENT
alexsmobs:hummingbird, CREATURE
alexsmobs:orca, WATER_CREATURE
alexsmobs:sunbird, CREATURE
alexsmobs:gorilla, CREATURE
alexsmobs:crimson_mosquito, MONSTER
alexsmobs:rattlesnake, CREATURE
alexsmobs:endergrade, CREATURE
alexsmobs:hammerhead_shark, WATER_CREATURE
alexsmobs:lobster, WATER_AMBIENT
alexsmobs:komodo_dragon, CREATURE
alexsmobs:capuchin_monkey, CREATURE
alexsmobs:centipede_head, CREATURE
alexsmobs:centipede_body, CREATURE
alexsmobs:centipede_tail, CREATURE
alexsmobs:warped_toad, CREATURE
alexsmobs:moose, CREATURE
alexsmobs:mimicube, MONSTER
alexsmobs:raccoon, CREATURE
alexsmobs:blobfish, WATER_AMBIENT
alexsmobs:seal, CREATURE
alexsmobs:cockroach, AMBIENT
alexsmobs:shoebill, CREATURE
alexsmobs:elephant, CREATURE
alexsmobs:soul_vulture, MONSTER
alexsmobs:snow_leopard, CREATURE
alexsmobs:spectre, CREATURE
alexsmobs:crow, CREATURE
alexsmobs:alligator_snapping_turtle, CREATURE
alexsmobs:mungus, CREATURE
alexsmobs:mantis_shrimp, WATER_CREATURE
alexsmobs:guster, MONSTER
alexsmobs:warped_mosco, MONSTER
alexsmobs:straddler, MONSTER
alexsmobs:stradpole, WATER_AMBIENT
alexsmobs:emu, CREATURE
alexsmobs:platypus, CREATURE
alexsmobs:dropbear, MONSTER
alexsmobs:tasmanian_devil, CREATURE
alexsmobs:kangaroo, CREATURE
alexsmobs:cachalot_whale, WATER_CREATURE
alexsmobs:leafcutter_ant, CREATURE
alexsmobs:enderiophage, CREATURE
alexsmobs:bald_eagle, CREATURE
alexsmobs:tiger, CREATURE
alexsmobs:tarantula_hawk, CREATURE
alexsmobs:void_worm, MONSTER
alexsmobs:void_worm_part, MONSTER
alexsmobs:frilled_shark, WATER_CREATURE
alexsmobs:mimic_octopus, WATER_CREATURE
alexsmobs:seagull, CREATURE
alexsmobs:froststalker, CREATURE
alexsmobs:tusklin, CREATURE
alexsmobs:laviathan, CREATURE
alexsmobs:cosmaw, CREATURE
alexsmobs:toucan, CREATURE
alexsmobs:maned_wolf, CREATURE
alexsmobs:anaconda, CREATURE
alexsmobs:anaconda_part, CREATURE
alexsmobs:anteater, CREATURE
alexsmobs:rocky_roller, MONSTER
alexsmobs:flutter, AMBIENT
alexsmobs:gelada_monkey, CREATURE
alexsmobs:jerboa, AMBIENT
alexsmobs:terrapin, WATER_AMBIENT
alexsmobs:comb_jelly, WATER_AMBIENT
alexsmobs:cosmic_cod, AMBIENT
alexsmobs:bunfungus, CREATURE
alexsmobs:bison, CREATURE
alexsmobs:giant_squid, WATER_CREATURE
alexsmobs:sea_bear, WATER_CREATURE
alexsmobs:devils_hole_pupfish, WATER_AMBIENT
alexsmobs:catfish, WATER_AMBIENT
alexsmobs:flying_fish, WATER_AMBIENT
alexsmobs:skelewag, MONSTER
valhelsia_structures:mossy_skeleton, MONSTER
minecraft:axolotl, AXOLOTLS
minecraft:bat, AMBIENT
minecraft:bee, CREATURE
minecraft:blaze, MONSTER
minecraft:cat, CREATURE
minecraft:cave_spider, MONSTER
minecraft:chicken, CREATURE
minecraft:cod, WATER_AMBIENT
minecraft:cow, CREATURE
minecraft:creeper, MONSTER
minecraft:dolphin, WATER_CREATURE
minecraft:donkey, CREATURE
minecraft:drowned, MONSTER
minecraft:elder_guardian, MONSTER
minecraft:ender_dragon, MONSTER
minecraft:enderman, MONSTER
minecraft:endermite, MONSTER
minecraft:evoker, MONSTER
minecraft:fox, CREATURE
minecraft:ghast, MONSTER
minecraft:giant, MONSTER
minecraft:glow_squid, UNDERGROUND_WATER_CREATURE
minecraft:goat, CREATURE
minecraft:guardian, MONSTER
minecraft:hoglin, MONSTER
minecraft:horse, CREATURE
minecraft:husk, MONSTER
minecraft:illusioner, MONSTER
minecraft:llama, CREATURE
minecraft:magma_cube, MONSTER
minecraft:mule, CREATURE
minecraft:mooshroom, CREATURE
minecraft:ocelot, CREATURE
minecraft:panda, CREATURE
minecraft:parrot, CREATURE
minecraft:phantom, MONSTER
minecraft:pig, CREATURE
minecraft:piglin, MONSTER
minecraft:piglin_brute, MONSTER
minecraft:pillager, MONSTER
minecraft:polar_bear, CREATURE
minecraft:pufferfish, WATER_AMBIENT
minecraft:rabbit, CREATURE
minecraft:ravager, MONSTER
minecraft:salmon, WATER_AMBIENT
minecraft:sheep, CREATURE
minecraft:shulker, MONSTER
minecraft:silverfish, MONSTER
minecraft:skeleton, MONSTER
minecraft:skeleton_horse, CREATURE
minecraft:slime, MONSTER
minecraft:spider, MONSTER
minecraft:squid, WATER_CREATURE
minecraft:stray, MONSTER
minecraft:strider, CREATURE
minecraft:trader_llama, CREATURE
minecraft:tropical_fish, WATER_AMBIENT
minecraft:turtle, CREATURE
minecraft:vex, MONSTER
minecraft:vindicator, MONSTER
minecraft:wandering_trader, CREATURE
minecraft:witch, MONSTER
minecraft:wither, MONSTER
minecraft:wither_skeleton, MONSTER
minecraft:wolf, CREATURE
minecraft:zoglin, MONSTER
minecraft:zombie, MONSTER
minecraft:zombie_horse, CREATURE
minecraft:zombie_villager, MONSTER
minecraft:zombified_piglin, MONSTER
infernalexp:voline, MONSTER
infernalexp:shroomloin, IE_CREATURE
infernalexp:warpbeetle, IE_CREATURE
infernalexp:embody, MONSTER
infernalexp:basalt_giant, IE_CREATURE
infernalexp:blackstone_dwarf, MONSTER
infernalexp:glowsquito, IE_CREATURE
infernalexp:blindsight, MONSTER
infernalexp:glowsilk_moth, IE_CREATURE
duckling:duck, WATER_CREATURE
duckling:quackling, CREATURE
wildbackport:allay, CREATURE
wildbackport:frog, CREATURE
wildbackport:tadpole, CREATURE
wildbackport:warden, MONSTER
botania:doppleganger, MONSTER
darkerdepths:glowshroom_monster, MONSTER
graveyard:skeleton_creeper, MONSTER
graveyard:acolyte, MONSTER
graveyard:reaper, MONSTER
graveyard:ghoul, MONSTER
graveyard:nightmare, MONSTER
graveyard:revenant, MONSTER
graveyard:wraith, MONSTER
graveyard:corrupted_pillager, MONSTER
graveyard:corrupted_vindicator, MONSTER
goblintraders:goblin_trader, CREATURE
goblintraders:vein_goblin_trader, CREATURE
earthmobsmod:cluck_shroom, CREATURE
earthmobsmod:wooly_cow, CREATURE
earthmobsmod:horned_sheep, CREATURE
earthmobsmod:hyper_rabbit, CREATURE
earthmobsmod:moobloom, CREATURE
earthmobsmod:moolip, CREATURE
earthmobsmod:jumbo_rabbit, CREATURE
earthmobsmod:bone_spider, MONSTER
earthmobsmod:stray_bone_spider, MONSTER
earthmobsmod:viler_witch, MONSTER
earthmobsmod:bouldering_zombie, MONSTER
earthmobsmod:lobber_zombie, MONSTER
earthmobsmod:bouldering_drowned, MONSTER
earthmobsmod:lobber_drowned, MONSTER
earthmobsmod:tropical_slime, MONSTER
earthmobsmod:skeleton_wolf, MONSTER
aquaculture:box_turtle, CREATURE
aquaculture:arrau_turtle, CREATURE
aquaculture:starshell_turtle, CREATURE
aquaculture:atlantic_cod, WATER_AMBIENT
aquaculture:blackfish, WATER_AMBIENT
aquaculture:pacific_halibut, WATER_AMBIENT
aquaculture:atlantic_halibut, WATER_AMBIENT
aquaculture:atlantic_herring, WATER_AMBIENT
aquaculture:pink_salmon, WATER_AMBIENT
aquaculture:pollock, WATER_AMBIENT
aquaculture:rainbow_trout, WATER_AMBIENT
aquaculture:bayad, WATER_AMBIENT
aquaculture:boulti, WATER_AMBIENT
aquaculture:capitaine, WATER_AMBIENT
aquaculture:synodontis, WATER_AMBIENT
aquaculture:smallmouth_bass, WATER_AMBIENT
aquaculture:bluegill, WATER_AMBIENT
aquaculture:brown_trout, WATER_AMBIENT
aquaculture:carp, WATER_AMBIENT
aquaculture:catfish, WATER_AMBIENT
aquaculture:gar, WATER_AMBIENT
aquaculture:minnow, WATER_AMBIENT
aquaculture:muskellunge, WATER_AMBIENT
aquaculture:perch, WATER_AMBIENT
aquaculture:arapaima, WATER_AMBIENT
aquaculture:piranha, WATER_AMBIENT
aquaculture:tambaqui, WATER_AMBIENT
aquaculture:brown_shrooma, WATER_AMBIENT
aquaculture:red_shrooma, WATER_AMBIENT
aquaculture:jellyfish, WATER_AMBIENT
aquaculture:red_grouper, WATER_AMBIENT
aquaculture:tuna, WATER_AMBIENT
bygonenether:wex, MONSTER
bygonenether:warped_enderman, MONSTER
bygonenether:piglin_prisoner, MONSTER
bygonenether:piglin_hunter, MONSTER
bygonenether:wraither, MONSTER
bygonenether:wither_skeleton_knight, MONSTER
bygonenether:corpor, MONSTER
bygonenether:wither_skeleton_horse, CREATURE
cnb:little_grebe, CREATURE
cnb:lizard, CREATURE
cnb:lilytad, CREATURE
cnb:sporeling, CREATURE
cnb:minipad, CREATURE
cnb:end_whale, CREATURE
cnb:cactem, CREATURE
cnb:yeti, CREATURE
cnb:cindershell, CREATURE
undergarden:rotling, MONSTER
undergarden:rotwalker, MONSTER
undergarden:rotbeast, MONSTER
undergarden:dweller, CREATURE
undergarden:gwibling, WATER_AMBIENT
undergarden:brute, CREATURE
undergarden:scintling, AMBIENT
undergarden:gloomper, CREATURE
undergarden:stoneborn, MONSTER
undergarden:nargoyle, MONSTER
undergarden:muncher, MONSTER
undergarden:sploogie, MONSTER
undergarden:gwib, WATER_CREATURE
undergarden:mog, CREATURE
undergarden:masticator, MONSTER
undergarden:forgotten_guardian, MONSTER
sullysmod:lanternfish, WATER_AMBIENT
sullysmod:tortoise, CREATURE
ars_nouveau:starbuncle, CREATURE
ars_nouveau:whirlisprig, CREATURE
ars_nouveau:wilden_hunter, MONSTER
ars_nouveau:summon_wolf, CREATURE
ars_nouveau:wilden_stalker, MONSTER
ars_nouveau:summon_horse, CREATURE
ars_nouveau:wilden_guardian, MONSTER
ars_nouveau:drygmy, CREATURE
ars_nouveau:wilden_boss, MONSTER
ars_nouveau:familiar_starbuncle, CREATURE
ars_nouveau:familiar_bookwyrm, CREATURE
ars_nouveau:familiar_wixie, CREATURE
ars_nouveau:familiar_whirlisprig, CREATURE
ars_nouveau:familiar_drygmy, CREATURE
ars_nouveau:cascading_weald_walker, CREATURE
ars_nouveau:blazing_weald_walker, CREATURE
ars_nouveau:vexing_weald_walker, CREATURE
ars_nouveau:flourishing_weald_walker, CREATURE
ars_nouveau:amethyst_golem, CREATURE
ars_nouveau:summon_skeleton, CREATURE
crittersandcompanions:dragonfly, AMBIENT
crittersandcompanions:dumbo_octopus, CREATURE
crittersandcompanions:ferret, CREATURE
crittersandcompanions:koi_fish, WATER_AMBIENT
crittersandcompanions:leaf_insect, AMBIENT
crittersandcompanions:otter, WATER_CREATURE
crittersandcompanions:red_panda, CREATURE
crittersandcompanions:sea_bunny, WATER_AMBIENT
biomemakeover:glowfish, WATER_AMBIENT
biomemakeover:blightbat, AMBIENT
biomemakeover:mushroom_trader, AMBIENT
biomemakeover:scuttler, CREATURE
biomemakeover:ghost, MONSTER
biomemakeover:cowboy, MONSTER
biomemakeover:decayed, MONSTER
biomemakeover:dragonfly, AMBIENT
biomemakeover:toad, CREATURE
biomemakeover:tadpole, WATER_CREATURE
biomemakeover:lightning_bug, AMBIENT
biomemakeover:lightning_bug_alternate, AMBIENT
biomemakeover:owl, CREATURE
biomemakeover:moth, MONSTER
biomemakeover:rootling, CREATURE
biomemakeover:adjudicator, MONSTER
biomemakeover:adjudicator_mimic, MONSTER
savage_and_ravage:skeleton_villager, MONSTER
savage_and_ravage:creepie, CREATURE
savage_and_ravage:griefer, MONSTER
savage_and_ravage:trickster, MONSTER
savage_and_ravage:iceologer, MONSTER
savage_and_ravage:executioner, MONSTER
buzzier_bees:grizzly_bear, CREATURE
buzzier_bees:moobloom, CREATURE
supplementaries:red_merchant, CREATURE
tconstruct:earth_slime, MONSTER
tconstruct:sky_slime, MONSTER
tconstruct:ender_slime, MONSTER
tconstruct:terracube, MONSTER
quark:wraith, MONSTER
quark:foxhound, CREATURE
quark:frog, CREATURE
quark:toretoise, CREATURE
quark:forgotten, MONSTER
quark:stoneling, CREATURE
quark:shiba, CREATURE
quark:crab, CREATURE
hunterillager:hunterillager, MONSTER
creeperoverhaul:jungle_creeper, MONSTER
creeperoverhaul:bamboo_creeper, MONSTER
creeperoverhaul:desert_creeper, MONSTER
creeperoverhaul:badlands_creeper, MONSTER
creeperoverhaul:hills_creeper, MONSTER
creeperoverhaul:savannah_creeper, MONSTER
creeperoverhaul:mushroom_creeper, CREATURE
creeperoverhaul:swamp_creeper, MONSTER
creeperoverhaul:dripstone_creeper, MONSTER
creeperoverhaul:cave_creeper, MONSTER
creeperoverhaul:dark_oak_creeper, MONSTER
creeperoverhaul:spruce_creeper, MONSTER
creeperoverhaul:beach_creeper, MONSTER
creeperoverhaul:snowy_creeper, MONSTER
alexsmobs:grizzly_bear, CREATURE
alexsmobs:roadrunner, CREATURE
alexsmobs:bone_serpent, MONSTER
alexsmobs:bone_serpent_part, MONSTER
alexsmobs:gazelle, CREATURE
alexsmobs:crocodile, WATER_CREATURE
alexsmobs:fly, AMBIENT
alexsmobs:hummingbird, CREATURE
alexsmobs:orca, WATER_CREATURE
alexsmobs:sunbird, CREATURE
alexsmobs:gorilla, CREATURE
alexsmobs:crimson_mosquito, MONSTER
alexsmobs:rattlesnake, CREATURE
alexsmobs:endergrade, CREATURE
alexsmobs:hammerhead_shark, WATER_CREATURE
alexsmobs:lobster, WATER_AMBIENT
alexsmobs:komodo_dragon, CREATURE
alexsmobs:capuchin_monkey, CREATURE
alexsmobs:centipede_head, CREATURE
alexsmobs:centipede_body, CREATURE
alexsmobs:centipede_tail, CREATURE
alexsmobs:warped_toad, CREATURE
alexsmobs:moose, CREATURE
alexsmobs:mimicube, MONSTER
alexsmobs:raccoon, CREATURE
alexsmobs:blobfish, WATER_AMBIENT
alexsmobs:seal, CREATURE
alexsmobs:cockroach, AMBIENT
alexsmobs:shoebill, CREATURE
alexsmobs:elephant, CREATURE
alexsmobs:soul_vulture, MONSTER
alexsmobs:snow_leopard, CREATURE
alexsmobs:spectre, CREATURE
alexsmobs:crow, CREATURE
alexsmobs:alligator_snapping_turtle, CREATURE
alexsmobs:mungus, CREATURE
alexsmobs:mantis_shrimp, WATER_CREATURE
alexsmobs:guster, MONSTER
alexsmobs:warped_mosco, MONSTER
alexsmobs:straddler, MONSTER
alexsmobs:stradpole, WATER_AMBIENT
alexsmobs:emu, CREATURE
alexsmobs:platypus, CREATURE
alexsmobs:dropbear, MONSTER
alexsmobs:tasmanian_devil, CREATURE
alexsmobs:kangaroo, CREATURE
alexsmobs:cachalot_whale, WATER_CREATURE
alexsmobs:leafcutter_ant, CREATURE
alexsmobs:enderiophage, CREATURE
alexsmobs:bald_eagle, CREATURE
alexsmobs:tiger, CREATURE
alexsmobs:tarantula_hawk, CREATURE
alexsmobs:void_worm, MONSTER
alexsmobs:void_worm_part, MONSTER
alexsmobs:frilled_shark, WATER_CREATURE
alexsmobs:mimic_octopus, WATER_CREATURE
alexsmobs:seagull, CREATURE
alexsmobs:froststalker, CREATURE
alexsmobs:tusklin, CREATURE
alexsmobs:laviathan, CREATURE
alexsmobs:cosmaw, CREATURE
alexsmobs:toucan, CREATURE
alexsmobs:maned_wolf, CREATURE
alexsmobs:anaconda, CREATURE
alexsmobs:anaconda_part, CREATURE
alexsmobs:anteater, CREATURE
alexsmobs:rocky_roller, MONSTER
alexsmobs:flutter, AMBIENT
alexsmobs:gelada_monkey, CREATURE
alexsmobs:jerboa, AMBIENT
alexsmobs:terrapin, WATER_AMBIENT
alexsmobs:comb_jelly, WATER_AMBIENT
alexsmobs:cosmic_cod, AMBIENT
alexsmobs:bunfungus, CREATURE
alexsmobs:bison, CREATURE
alexsmobs:giant_squid, WATER_CREATURE
alexsmobs:sea_bear, WATER_CREATURE
alexsmobs:devils_hole_pupfish, WATER_AMBIENT
alexsmobs:catfish, WATER_AMBIENT
alexsmobs:flying_fish, WATER_AMBIENT
alexsmobs:skelewag, MONSTER
valhelsia_structures:mossy_skeleton, MONSTER
